warning: this lint expectation is unfulfilled
  --> tests/submod.rs:16:22
   |
16 | #[flexpect::flexpect(unused_variables, clippy::clone_on_copy)]
   |                      ^^^^^^^^^^^^^^^^
   |
   = note: `#[warn(unfulfilled_lint_expectations)]` on by default
