warning: this lint expectation is unfulfilled
  --> tests/simple.rs:14:20
   |
14 | #[flexpect::expect(unused_variables)]
   |                    ^^^^^^^^^^^^^^^^
   |
   = note: `#[warn(unfulfilled_lint_expectations)]` on by default

warning: this lint expectation is unfulfilled
  --> tests/simple.rs:17:20
   |
17 | #[flexpect::expect(clippy::clone_on_copy)]
   |                    ^^^^^^^^^^^^^^^^^^^^^

warning: this lint expectation is unfulfilled
  --> tests/simple.rs:34:20
   |
34 | #[flexpect::expect(unused_variables, clippy::clone_on_copy)]
   |                    ^^^^^^^^^^^^^^^^

warning: this lint expectation is unfulfilled
  --> tests/simple.rs:34:38
   |
34 | #[flexpect::expect(unused_variables, clippy::clone_on_copy)]
   |                                      ^^^^^^^^^^^^^^^^^^^^^
